EN prng_send NULL /home/apurvan/GSoC/BER_measurement_5_Lane/Virtex-5/src/prng_send.vhd sub00/vhpl00 1566193711
AR enc_8b10b rtl /home/apurvan/GSoC/BER_measurement_5_Lane/Virtex-5/src/enc_8b10b.vhd sub00/vhpl03 1566193714
EN top NULL /home/apurvan/GSoC/BER_measurement_5_Lane/Virtex-5/src/top.vhd sub00/vhpl04 1566193717
AR top rtl /home/apurvan/GSoC/BER_measurement_5_Lane/Virtex-5/src/top.vhd sub00/vhpl05 1566193718
EN enc_8b10b NULL /home/apurvan/GSoC/BER_measurement_5_Lane/Virtex-5/src/enc_8b10b.vhd sub00/vhpl02 1566193713
AR serdes_10_1 str /home/apurvan/GSoC/BER_measurement_5_Lane/Virtex-5/src/serdes_10_1.vhd sub00/vhpl07 1566193716
AR prng_send rtl /home/apurvan/GSoC/BER_measurement_5_Lane/Virtex-5/src/prng_send.vhd sub00/vhpl01 1566193712
EN serdes_10_1 NULL /home/apurvan/GSoC/BER_measurement_5_Lane/Virtex-5/src/serdes_10_1.vhd sub00/vhpl06 1566193715
