EN prng_send NULL /home/apurvan/GSoC/BER_measurement_5_Lane/Virtex-5/src/prng_send.vhd sub00/vhpl00 1566321170
AR enc_8b10b rtl /home/apurvan/GSoC/BER_measurement_5_Lane/Virtex-5/src/enc_8b10b.vhd sub00/vhpl03 1566321173
EN top NULL /home/apurvan/GSoC/BER_measurement_5_Lane/Virtex-5/src/top.vhd sub00/vhpl06 1566321176
AR top rtl /home/apurvan/GSoC/BER_measurement_5_Lane/Virtex-5/src/top.vhd sub00/vhpl07 1566321177
EN enc_8b10b NULL /home/apurvan/GSoC/BER_measurement_5_Lane/Virtex-5/src/enc_8b10b.vhd sub00/vhpl02 1566321172
AR serdes_10_1 str /home/apurvan/GSoC/BER_measurement_5_Lane/Virtex-5/src/serdes_10_1.vhd sub00/vhpl05 1566321175
AR prng_send rtl /home/apurvan/GSoC/BER_measurement_5_Lane/Virtex-5/src/prng_send.vhd sub00/vhpl01 1566321171
EN serdes_10_1 NULL /home/apurvan/GSoC/BER_measurement_5_Lane/Virtex-5/src/serdes_10_1.vhd sub00/vhpl04 1566321174
