V3 24
FL /home/apurvan/GSoC/BER_measurement_5_Lane/Virtex-5/src/enc_8b10b.vhd 2019/08/14.04:10:56 P.20131013
EN work/enc_8b10b 1566193713 \
      FL /home/apurvan/GSoC/BER_measurement_5_Lane/Virtex-5/src/enc_8b10b.vhd \
      PB ieee/std_logic_1164 1381692176
AR work/enc_8b10b/rtl 1566193714 \
      FL /home/apurvan/GSoC/BER_measurement_5_Lane/Virtex-5/src/enc_8b10b.vhd \
      EN work/enc_8b10b 1566193713
FL /home/apurvan/GSoC/BER_measurement_5_Lane/Virtex-5/src/prng_send.vhd 2019/08/19.11:12:09 P.20131013
EN work/prng_send 1566193711 \
      FL /home/apurvan/GSoC/BER_measurement_5_Lane/Virtex-5/src/prng_send.vhd \
      PB ieee/std_logic_1164 1381692176 PB ieee/STD_LOGIC_UNSIGNED 1381692179
AR work/prng_send/rtl 1566193712 \
      FL /home/apurvan/GSoC/BER_measurement_5_Lane/Virtex-5/src/prng_send.vhd \
      EN work/prng_send 1566193711
FL /home/apurvan/GSoC/BER_measurement_5_Lane/Virtex-5/src/serdes_10_1.vhd 2019/08/14.04:10:56 P.20131013
EN work/serdes_10_1 1566193715 \
      FL /home/apurvan/GSoC/BER_measurement_5_Lane/Virtex-5/src/serdes_10_1.vhd \
      PB ieee/std_logic_1164 1381692176 PB ieee/NUMERIC_STD 1381692181 LB unisim \
      PH unisim/VCOMPONENTS 1381692182
AR work/serdes_10_1/str 1566193716 \
      FL /home/apurvan/GSoC/BER_measurement_5_Lane/Virtex-5/src/serdes_10_1.vhd \
      EN work/serdes_10_1 1566193715 CP OSERDES CP OBUFDS
FL /home/apurvan/GSoC/BER_measurement_5_Lane/Virtex-5/src/top.vhd 2019/08/19.11:18:21 P.20131013
EN work/top 1566193717 \
      FL /home/apurvan/GSoC/BER_measurement_5_Lane/Virtex-5/src/top.vhd \
      PB ieee/std_logic_1164 1381692176 PB ieee/NUMERIC_STD 1381692181 LB unisim \
      PH unisim/VCOMPONENTS 1381692182
AR work/top/rtl 1566193718 \
      FL /home/apurvan/GSoC/BER_measurement_5_Lane/Virtex-5/src/top.vhd \
      EN work/top 1566193717 CP PLL_BASE CP BUFG CP work/prng_send CP work/enc_8b10b \
      CP work/serdes_10_1
FL /home/apurvan/GSoC/usb-plug-mod-working/data_transfer_gearwork/src/Virtex-5/enc_8b10b.vhd 2019/07/25.05:04:31 P.20131013
FL /home/apurvan/GSoC/usb-plug-mod-working/data_transfer_gearwork/src/Virtex-5/prng_send.vhd 2019/08/04.16:32:06 P.20131013
FL /home/apurvan/GSoC/usb-plug-mod-working/data_transfer_gearwork/src/Virtex-5/serdes_10_1.vhd 2019/08/04.20:54:28 P.20131013
FL /home/apurvan/GSoC/usb-plug-mod-working/data_transfer_gearwork/src/Virtex-5/top.vhd 2019/08/05.02:47:40 P.20131013
