V3 20
FL /home/apurvan/GSoC/BER_measurement_5_Lane/Virtex-5/src/enc_8b10b.vhd 2019/08/14.04:10:56 P.20131013
EN work/enc_8b10b 1566321172 \
      FL /home/apurvan/GSoC/BER_measurement_5_Lane/Virtex-5/src/enc_8b10b.vhd \
      PB ieee/std_logic_1164 1381692176
AR work/enc_8b10b/rtl 1566321173 \
      FL /home/apurvan/GSoC/BER_measurement_5_Lane/Virtex-5/src/enc_8b10b.vhd \
      EN work/enc_8b10b 1566321172
FL /home/apurvan/GSoC/BER_measurement_5_Lane/Virtex-5/src/prng_send.vhd 2019/08/19.18:40:14 P.20131013
EN work/prng_send 1566321170 \
      FL /home/apurvan/GSoC/BER_measurement_5_Lane/Virtex-5/src/prng_send.vhd \
      PB ieee/std_logic_1164 1381692176 PB ieee/STD_LOGIC_UNSIGNED 1381692179
AR work/prng_send/rtl 1566321171 \
      FL /home/apurvan/GSoC/BER_measurement_5_Lane/Virtex-5/src/prng_send.vhd \
      EN work/prng_send 1566321170
FL /home/apurvan/GSoC/BER_measurement_5_Lane/Virtex-5/src/serdes_10_1.vhd 2019/08/14.04:10:56 P.20131013
EN work/serdes_10_1 1566321174 \
      FL /home/apurvan/GSoC/BER_measurement_5_Lane/Virtex-5/src/serdes_10_1.vhd \
      PB ieee/std_logic_1164 1381692176 PB ieee/NUMERIC_STD 1381692181 LB unisim \
      PH unisim/VCOMPONENTS 1381692182
AR work/serdes_10_1/str 1566321175 \
      FL /home/apurvan/GSoC/BER_measurement_5_Lane/Virtex-5/src/serdes_10_1.vhd \
      EN work/serdes_10_1 1566321174 CP OSERDES CP OBUFDS
FL /home/apurvan/GSoC/BER_measurement_5_Lane/Virtex-5/src/top.vhd 2019/08/19.11:18:21 P.20131013
EN work/top 1566321176 \
      FL /home/apurvan/GSoC/BER_measurement_5_Lane/Virtex-5/src/top.vhd \
      PB ieee/std_logic_1164 1381692176 PB ieee/NUMERIC_STD 1381692181 LB unisim \
      PH unisim/VCOMPONENTS 1381692182
AR work/top/rtl 1566321177 \
      FL /home/apurvan/GSoC/BER_measurement_5_Lane/Virtex-5/src/top.vhd \
      EN work/top 1566321176 CP PLL_BASE CP BUFG CP work/prng_send CP work/enc_8b10b \
      CP work/serdes_10_1
